
> cj-dtc-next@0.1.0 prebuild
> node scripts/check-node-version.js


> cj-dtc-next@0.1.0 build
> prisma generate && prisma db push --accept-data-loss && node scripts/next-build-with-memory.js

Environment variables loaded from .env
Prisma schema loaded from prisma\schema.prisma

✔ Generated Prisma Client (v5.22.0) to .\node_modules\@prisma\client in 412ms

Start by importing your Prisma Client (See: https://pris.ly/d/importing-client)

Tip: Need your database queries to be 1000x faster? Accelerate offers you that and more: https://pris.ly/tip-2-accelerate

Environment variables loaded from .env
Prisma schema loaded from prisma\schema.prisma
Datasource "db": PostgreSQL database "neondb", schema "public" at "ep-raspy-haze-ag19nagv-pooler.c-2.eu-central-1.aws.neon.tech"

The database is already in sync with the Prisma schema.

Running generate... (Use --skip-generate to skip the generators)
[2K[1A[2K[GRunning generate... - Prisma Client
[2K[1A[2K[G✔ Generated Prisma Client (v5.22.0) to .\node_modules\@prisma\client in 423ms

▲ Next.js 16.1.4 (Turbopack)
- Environments: .env.production.local, .env.local, .env

  Creating an optimized production build ...
Browserslist: browsers data (caniuse-lite) is 8 months old. Please run:
  npx update-browserslist-db@latest
  Why you should do it regularly: https://github.com/browserslist/update-db#readme

> Build error occurred
Error: Turbopack build failed with 1 errors:
./app/[locale]/formations/[slug]/page.tsx:951:1
Parsing ecmascript source code failed
[0m [90m 949 |[39m     [33m<[39m[33m/[39m[33mdiv[39m[33m>[39m
 [90m 950 |[39m   )
[31m[1m>[22m[39m[90m 951 |[39m }
 [90m     |[39m [31m[1m^[22m[39m
 [90m 952 |[39m[0m

Unexpected token. Did you mean `{'}'}` or `&rbrace;`?


    at <unknown> (./app/[locale]/formations/[slug]/page.tsx:951:1)
